cargo :    Compiling proc-macro2 v1.0.106
At line:1 char:1
+ cargo check > build_error.log 2>&1
+ ~~~~~~~~~~~~~~~~~~~~~~~~~~~~~~~~~~
    + CategoryInfo          : NotSpecified 
   : (   Compiling proc-macro2 v1.0.106:S  
  tring) [], RemoteException
    + FullyQualifiedErrorId : NativeComman 
   dError
 
   Compiling unicode-ident v1.0.22
   Compiling quote v1.0.44
    Checking cfg-if v1.0.4
   Compiling version_check v0.9.5
   Compiling zerocopy v0.8.34
   Compiling serde_core v1.0.228
    Checking once_cell v1.21.3
    Checking windows-link v0.2.1
    Checking pin-project-lite v0.2.16
    Checking bytes v1.11.0
   Compiling windows_x86_64_msvc v0.53.1
    Checking itoa v1.0.17
    Checking windows-sys v0.61.2
    Checking smallvec v1.15.1
   Compiling getrandom v0.3.4
   Compiling parking_lot_core v0.9.12
    Checking scopeguard v1.2.0
    Checking futures-core v0.3.31
    Checking lock_api v0.4.14
    Checking windows-targets v0.53.5
   Compiling serde v1.0.228
    Checking windows-sys v0.60.2
   Compiling jobserver v0.1.34
    Checking mio v1.1.1
    Checking parking_lot v0.12.5
   Compiling typenum v1.19.0
   Compiling find-msvc-tools v0.1.8
   Compiling syn v2.0.114
    Checking log v0.4.29
   Compiling shlex v1.3.0
    Checking http v1.4.0
   Compiling cc v1.2.54
   Compiling generic-array v0.14.7
    Checking memchr v2.7.6
    Checking socket2 v0.6.2
   Compiling crunchy v0.2.4
   Compiling autocfg v1.5.0
    Checking pin-utils v0.1.0
   Compiling pkg-config v0.3.32
   Compiling ahash v0.8.12
    Checking tracing-core v0.1.36
    Checking getrandom v0.2.17
   Compiling tiny-keccak v2.0.2
    Checking futures-sink v0.3.31
    Checking rand_core v0.6.4
    Checking ppv-lite86 v0.2.21
    Checking slab v0.4.11
    Checking futures-task v0.3.31
   Compiling zstd-sys v2.0.16+zstd.1.5.7
   Compiling httparse v1.10.1
    Checking futures-util v0.3.31
    Checking rand_chacha v0.3.1
    Checking http-body v1.0.1
    Checking byteorder v1.5.0
    Checking allocator-api2 v0.2.21
   Compiling zstd-safe v7.2.4
   Compiling ucd-trie v0.1.7
    Checking tower-service v0.3.3
    Checking alloc-no-stdlib v2.0.4
   Compiling crc32fast v1.5.0
    Checking alloc-stdlib v0.2.2
   Compiling pest v2.8.5
    Checking hashbrown v0.14.5
   Compiling const-random-macro v0.1.16
    Checking rand v0.8.5
    Checking block-buffer v0.10.4
    Checking crypto-common v0.1.7
   Compiling num-traits v0.2.19
   Compiling zmij v1.0.17
    Checking adler2 v2.0.1
   Compiling thiserror v1.0.69
    Checking simd-adler32 v0.3.8
    Checking tower-layer v0.3.3
    Checking miniz_oxide v0.8.9
    Checking const-random v0.1.18
    Checking digest v0.10.7
   Compiling pest_meta v2.8.5
   Compiling serde_derive v1.0.228
   Compiling tokio-macros v2.6.0
   Compiling tracing-attributes v0.1.31
   Compiling thiserror-impl v1.0.69
    Checking brotli-decompressor v5.0.0
   Compiling indexmap v1.9.3
    Checking equivalent v1.0.2
    Checking mime v0.3.17
   Compiling unicase v2.9.0
    Checking httpdate v1.0.3
    Checking percent-encoding v2.3.2
    Checking tokio v1.49.0
   Compiling rustversion v1.0.22
    Checking cpufeatures v0.2.17
   Compiling serde_json v1.0.149
    Checking hashbrown v0.16.1
    Checking indexmap v2.13.0
    Checking tracing v0.1.44
    Checking sha1 v0.10.6
   Compiling mime_guess v2.0.5
    Checking brotli v8.0.2
   Compiling pest_generator v2.8.5
    Checking flate2 v1.1.8
   Compiling pin-project-internal v1.1.10
   Compiling async-trait v0.1.89
    Checking dlv-list v0.5.2
    Checking http-body-util v0.1.3
    Checking bitflags v2.10.0
    Checking futures-channel v0.3.31
    Checking serde_spanned v0.6.9
    Checking toml_datetime v0.6.11
    Checking regex-syntax v0.8.8
    Checking toml_write v0.1.2
    Checking sync_wrapper v1.0.2
    Checking atomic-waker v1.1.2
    Checking compression-core v0.4.31
    Checking winnow v0.7.14
    Checking utf-8 v0.7.6
    Checking data-encoding v2.10.0
    Checking hashbrown v0.12.3
    Checking base64 v0.21.7
    Checking regex-automata v0.4.13
    Checking pin-project v1.1.10
    Checking tungstenite v0.24.0
    Checking hyper v1.8.1
    Checking tokio-util v0.7.18
    Checking zstd v0.13.3
    Checking ordered-multimap v0.7.3
    Checking compression-codecs v0.4.36
    Checking hdrhistogram v7.5.4
   Compiling pest_derive v2.8.5
    Checking toml_edit v0.22.27
    Checking form_urlencoded v1.2.2
    Checking hashlink v0.8.4
    Checking encoding_rs v0.8.35
    Checking ryu v1.0.22
    Checking unicode-segmentation v1.12.0
   Compiling anyhow v1.0.100
    Checking minimal-lexical v0.2.1
    Checking lazy_static v1.5.0
    Checking arraydeque v0.5.1
    Checking nom v7.1.3
    Checking convert_case v0.6.0
    Checking sharded-slab v0.1.7
    Checking matchers v0.2.0
    Checking serde_urlencoded v0.7.1
    Checking json5 v0.4.1
    Checking axum-core v0.4.5
    Checking uuid v1.20.0
    Checking yaml-rust2 v0.8.1
    Checking tower v0.4.13
    Checking hyper-util v0.1.19
    Checking async-compression v0.4.37
    Checking toml v0.8.23
    Checking rust-ini v0.20.0
    Checking tokio-tungstenite v0.24.0
    Checking ron v0.8.1
    Checking tower v0.5.3
    Checking tracing-log v0.2.0
    Checking serde_path_to_error v0.1.20
    Checking nu-ansi-term v0.50.3
    Checking thread_local v1.1.9
    Checking base64 v0.22.1
    Checking http-range-header v0.4.2
    Checking iri-string v0.7.10
    Checking matchit v0.7.3
    Checking pathdiff v0.2.3
    Checking tracing-subscriber v0.3.22
    Checking config v0.14.1
    Checking dotenvy v0.15.7
    Checking axum v0.7.9
    Checking tower-http v0.5.2
    Checking orchix v0.1.0 (D:\programming\
Rust\Orchix)
warning: unused import: `Level`
 --> src\main.rs:1:21
  |
1 | use tracing::{info, Level};
  |                     ^^^^^
  |
  = note: `#[warn(unused_imports)]` (part o
f `#[warn(unused)]`) on by default

error[E0308]: `if` and `else` have incompat
ible types
  --> src\networking.rs:76:9
   |
71 | /     if let Some(rule) = router.resol
ve(path) {
72 | |         info!("Matched rule: {} -> {
} ({})", rule.path, rule.target_model, rule
.target_url);
73 | |         format!("Routing request to 
{} (Model: {})", rule.target_url, rule.targ
et_model)
   | |         ----------------------------
-------------------------------------------
--------- expected because of this
74 | |     } else {
75 | |         warn!("No route matched for 
path: {}", path);
76 | |         "No matching route found".in
to_response()
   | |         ^^^^^^^^^^^^^^^^^^^^^^^^^^^^
^^^^^^^^^^^^^ expected `String`, found `Res
ponse<Body>`
77 | |     }
   | |_____- `if` and `else` have incompati
ble types
   |
   = note: expected struct `std::string::St
ring`
              found struct `Response<Body>`
help: you could change the return type to b
e a boxed trait object
   |
68 - ) -> impl IntoResponse {
68 + ) -> Box<dyn IntoResponse> {
   |

For more information about this error, try 
`rustc --explain E0308`.
warning: `orchix` (bin "orchix") generated 
1 warning
error: could not compile `orchix` (bin "orc
hix") due to 1 previous error; 1 warning em
itted
